[ngothithuyduyen.blogspot.com/index.html]
[backblue.gif]
[fade.gif]
[index.html]
[ngothithuyduyen.blogspot.com/favicon.ico]
[ngothithuyduyen.blogspot.com/feeds/posts/default]
[www.blogblog.com/1kt/simple/paging_dot.png]
[ngothithuyduyen.blogspot.com/feeds/posts/default9522]
[apis.google.com/js/platform.js]
[pagead2.googlesyndication.com/pagead/js/f.txt]
[blogger.googleusercontent.com/img/b/R29vZ2xl/AVvXsEgd8kaPKFGGcy2u4jaAmLGlVpY4ijyNU_ogtsl_jtE/s1600/drawing -Is1.jpg]
[ngothithuyduyen.blogspot.com/2014/05/blog-post.html]
[resources.blogblog.com/img/icon18_edit_allbkg.gif]
[ngothithuyduyen.blogspot.com/search/label/DRAWING.html]
[blogger.googleusercontent.com/img/b/R29vZ2xl/AVvXsEjP_oiOEtzZBDR-fStq0hvWF3etg0kmrEl4HABc54K/s1600/IMAG7249_3.jpg]
[blogger.googleusercontent.com/img/b/R29vZ2xl/AVvXsEjP_oiOEtzZBDR-fStq0hvWF3etg0kmrEl4HABc54K/s640/IMAG7249_3.jpg]
[ngothithuyduyen.blogspot.com/2014/01/blog-post.html]
[blogger.googleusercontent.com/img/b/R29vZ2xl/AVvXsEikgRMPMFM6RXiIPM1HMVRRwvpzmq8X_-oTmqKJ2MN/s1600/small.jpg]
[blogger.googleusercontent.com/img/b/R29vZ2xl/AVvXsEikgRMPMFM6RXiIPM1HMVRRwvpzmq8X_-oTmqKJ2MNEuhrFhsBnJI8bACTN-qG7s2sYn3rhHKlGPaHafvMs77RWMmwt-BeuJ0MtKxEGSWn8vkzKtWK2R2SrOsCUCM_M3WMFekn71e-MvGQp/s640/small.jpg]
[ngothithuyduyen.blogspot.com/2013/12/o-o-la-bau-troi.html]
[blogger.googleusercontent.com/img/b/R29vZ2xl/AVvXsEh0dV20ebS7XZI4zZ1akUA8b-4cdJauBV7VrITgQyy/s1600/IMAG0315-1.jpg]
[blogger.googleusercontent.com/img/b/R29vZ2xl/AVvXsEh0dV20ebS7XZI4zZ1akUA8b-4cdJauBV7VrITgQyy/s640/IMAG0315-1.jpg]
[blogger.googleusercontent.com/img/b/R29vZ2xl/AVvXsEi8YdbqS013rrZ0uoDueO0xpq0To1TZ5xeMrqolHjJ/s1600/IMAG0322-1.jpg]
[blogger.googleusercontent.com/img/b/R29vZ2xl/AVvXsEi8YdbqS013rrZ0uoDueO0xpq0To1TZ5xeMrqolHjJ/s640/IMAG0322-1.jpg]
[ngothithuyduyen.blogspot.com/2013/12/buon-muon-nam-cu.html]
[ngothithuyduyen.blogspot.com/2013/12/artist-bio.html]
[ngothithuyduyen.blogspot.com/search/label/BIOGRAPHY.html]
[ngothithuyduyen.blogspot.com/2013/08/truoc-khi-troi-o-mua-before-rain.html]
[ngothithuyduyen.blogspot.com/search/label/WRITING.html]
[ngothithuyduyen.blogspot.com/2013/03/phong-su-ac-biet-ve-du-trao-oi-nghe-si.html]
[ngothithuyduyen.blogspot.com/search/label/ARTICLES.html]
[ngothithuyduyen.blogspot.com/search37f3.html]
[blogger.googleusercontent.com/img/b/R29vZ2xl/AVvXsEjWHgNEgSW3Wl0kXfZnDIyEjQgDknZsJysZ9waWsp7V7HdmLcr_lGk4_BtIq1piUcMTnmMRBm9ayNlSYHAUmD4-oYPzoIrOnJhLqLfiWr1HFf5PwxyOPjS4ikMp7n8PuB4/s1600/duyen.jpg]
[www.blogger.com/img/logo-16.png]
[ngothithuyduyen.blogspot.com/search/label/PAINTING.html]
[ngothithuyduyen.blogspot.com/search/label/INSTALLATION.html]
[ngothithuyduyen.blogspot.com/search/label/PERFORMANCE.html]
[www.blogger.com/static/v1/widgets/321148285-widgets.js]
[ngothithuyduyen.blogspot.com/index.html]
[www.blogger.com/img/widgets/stats-flipper.png]
[resources.blogblog.com/img/widgets/s_top.png]
[www.blogger.com/static/v1/widgets/2872013778-css_bundle_v2.css]
[www.blogger.com/dyn-css/authorizationa416.css]
[ngothithuyduyen.blogspot.com/feeds/4711525681778391841/comments/default]
[www.blogger.com/static/v1/jsbin/2830521187-comment_from_post_iframe.js]
[ngothithuyduyen.blogspot.com/2014/05/blog-post.html]
[blogger.googleusercontent.com/img/b/R29vZ2xl/AVvXsEgzbdSWM9d7Y2o3lj2sOiQpx7IFfP-wMXoiHZrkjXK/s1600/Before the rain 9- 38x54,5 cm- black ink and water color on paper  copy.jpg]
[blogger.googleusercontent.com/img/b/R29vZ2xl/AVvXsEgzbdSWM9d7Y2o3lj2sOiQpx7IFfP-wMXoiHZrkjXK/s640/Before the rain 9- 38x54,5 cm- black ink and water color on paper  copy.jpg]
[blogger.googleusercontent.com/img/b/R29vZ2xl/AVvXsEi-ifK0Joprf_opPI9pfx627hG5pU_2zee9N1kogtg/s1600/Before the rain 10- 38x54,5 cm- black ink and water color on paper  copy.jpg]
[blogger.googleusercontent.com/img/b/R29vZ2xl/AVvXsEi-ifK0Joprf_opPI9pfx627hG5pU_2zee9N1kogtg/s640/Before the rain 10- 38x54,5 cm- black ink and water color on paper  copy.jpg]
[blogger.googleusercontent.com/img/b/R29vZ2xl/AVvXsEjXfvnrzbn5yo0xw4_Q0Cvu2eo8pSBQHT-_GtSsmaD/s1600/Before the rain 11- 38x54,5 cm- black ink and water color on paper .jpg]
[blogger.googleusercontent.com/img/b/R29vZ2xl/AVvXsEjXfvnrzbn5yo0xw4_Q0Cvu2eo8pSBQHT-_GtSsmaD/s640/Before the rain 11- 38x54,5 cm- black ink and water color on paper .jpg]
[blogger.googleusercontent.com/img/b/R29vZ2xl/AVvXsEiN0cKtHUE_YjhMIPD_A8Rr8-va8TJtea7TvOEkWdA/s1600/Before the rain 12- 38x54,5 cm- black ink and water color on paper .jpg]
[blogger.googleusercontent.com/img/b/R29vZ2xl/AVvXsEiN0cKtHUE_YjhMIPD_A8Rr8-va8TJtea7TvOEkWdA/s640/Before the rain 12- 38x54,5 cm- black ink and water color on paper .jpg]
[ngothithuyduyen.blogspot.com/2013/03/truoc-khi-troi-o-mua-before-rain.html]
[blogger.googleusercontent.com/img/b/R29vZ2xl/AVvXsEjPf43oJGg1smzjCnaCzdBulvojiBfBSi2lIkzYbTZ/s1600/Before the rain 1- 38x54,5 cm- black ink and water color on paper .jpg]
[blogger.googleusercontent.com/img/b/R29vZ2xl/AVvXsEjPf43oJGg1smzjCnaCzdBulvojiBfBSi2lIkzYbTZ/s640/Before the rain 1- 38x54,5 cm- black ink and water color on paper .jpg]
[blogger.googleusercontent.com/img/b/R29vZ2xl/AVvXsEjJ7y64y6CetGPSXljVbNBEzo-agmZG0vhTDW1Ihto/s1600/Before the rain 2- 38x54,5 cm- black ink and water color on paper .jpg]
[blogger.googleusercontent.com/img/b/R29vZ2xl/AVvXsEjJ7y64y6CetGPSXljVbNBEzo-agmZG0vhTDW1Ihto/s640/Before the rain 2- 38x54,5 cm- black ink and water color on paper .jpg]
[blogger.googleusercontent.com/img/b/R29vZ2xl/AVvXsEhpkKuwM1b_WH800-vIIHibbegf8ZxpdCAzcdQCCnh/s1600/Before the rain 3- 38x54,5 cm- black ink and water color on paper (11_2012).jpg]
[blogger.googleusercontent.com/img/b/R29vZ2xl/AVvXsEhpkKuwM1b_WH800-vIIHibbegf8ZxpdCAzcdQCCnh/s640/Before the rain 3- 38x54,5 cm- black ink and water color on paper (11_2012).jpg]
[blogger.googleusercontent.com/img/b/R29vZ2xl/AVvXsEjhshMBJj39pzGhAjVvxTW8Lz4qCr7QhulbFuOUl2w/s1600/Before the rain 4- 38x54,5 cm- black ink and water color on paper  copy.jpg]
[blogger.googleusercontent.com/img/b/R29vZ2xl/AVvXsEjhshMBJj39pzGhAjVvxTW8Lz4qCr7QhulbFuOUl2w/s640/Before the rain 4- 38x54,5 cm- black ink and water color on paper  copy.jpg]
[blogger.googleusercontent.com/img/b/R29vZ2xl/AVvXsEi5AkpT40-VZkCQvjjzGn6Vck6cNfdVC0jn-SnDvuc/s1600/Before the rain 5- 38x54,5 cm- black ink and water color on paper (11_2012).jpg]
[blogger.googleusercontent.com/img/b/R29vZ2xl/AVvXsEi5AkpT40-VZkCQvjjzGn6Vck6cNfdVC0jn-SnDvuc/s640/Before the rain 5- 38x54,5 cm- black ink and water color on paper (11_2012).jpg]
[blogger.googleusercontent.com/img/b/R29vZ2xl/AVvXsEjNSZaLbmMdGc7gWZLS3RC-nJ_2fzJnWGTepewyAmx/s1600/Before the rain 6- 38x54,5 cm- black ink and water color on paper  copy.jpg]
[blogger.googleusercontent.com/img/b/R29vZ2xl/AVvXsEjNSZaLbmMdGc7gWZLS3RC-nJ_2fzJnWGTepewyAmx/s640/Before the rain 6- 38x54,5 cm- black ink and water color on paper  copy.jpg]
[blogger.googleusercontent.com/img/b/R29vZ2xl/AVvXsEg0U4IMCtQyJC7m2lpCZn6Ku4LPuJm28pbxHfrX6DR/s1600/Before the rain 8- 38x54,5 cm- black ink and water color on paper  copy.jpg]
[blogger.googleusercontent.com/img/b/R29vZ2xl/AVvXsEg0U4IMCtQyJC7m2lpCZn6Ku4LPuJm28pbxHfrX6DR/s640/Before the rain 8- 38x54,5 cm- black ink and water color on paper  copy.jpg]
[blogger.googleusercontent.com/img/b/R29vZ2xl/AVvXsEjza1aEPxyyjUOZUs2s8JbE2hctqgvpvTtixHNALti/s1600/Before the rain 7- 38x54,5 cm- black ink and water color on paper  copy.jpg]
[blogger.googleusercontent.com/img/b/R29vZ2xl/AVvXsEjza1aEPxyyjUOZUs2s8JbE2hctqgvpvTtixHNALti/s640/Before the rain 7- 38x54,5 cm- black ink and water color on paper  copy.jpg]
[ngothithuyduyen.blogspot.com/2012/12/truoc-khi-troi-o-mua-before-rain.html]
[ngothithuyduyen.blogspot.com/search/label/DRAWING.html]
[ngothithuyduyen.blogspot.com/search/label/DRAWING59fb.html]
[ngothithuyduyen.blogspot.com/feeds/5784580923015863570/comments/default]
[ngothithuyduyen.blogspot.com/2014/01/blog-post.html]
[ngothithuyduyen.blogspot.com/2013/12/o-o-la-bau-troi.html]
[ngothithuyduyen.blogspot.com/feeds/34671637046911036/comments/default]
[ngothithuyduyen.blogspot.com/2013/12/buon-muon-nam-cu.html]
[ngothithuyduyen.blogspot.com/feeds/3136078027870589579/comments/default]
[ngothithuyduyen.blogspot.com/2013/12/artist-bio.html]
[ngothithuyduyen.blogspot.com/feeds/5035416818572327880/comments/default]
[draft.blogger.com/img/logo-16.png]
[ngothithuyduyen.blogspot.com/search/label/BIOGRAPHY.html]
[ngothithuyduyen.blogspot.com/search/label/BIOGRAPHYaf88.html]
[ngothithuyduyen.blogspot.com/2013/08/truoc-khi-troi-o-mua-before-rain.html]
[ngothithuyduyen.blogspot.com/feeds/454844765591249214/comments/default]
[ngothithuyduyen.blogspot.com/2012/10/sewing-days-at-howl-space.html]
[blogger.googleusercontent.com/img/b/R29vZ2xl/AVvXsEg0WMKRUjoI_QCXTV0GBAmORv1Muvf_tff3c9K4T4w/s1600/IMG_9756.JPG]
[ngothithuyduyen.blogspot.com/search/label/WRITING.html]
[ngothithuyduyen.blogspot.com/search/label/WRITINGf792.html]
[ngothithuyduyen.blogspot.com/feeds/8559150277207662779/comments/default]
[ngothithuyduyen.blogspot.com/2013/03/phong-su-ac-biet-ve-du-trao-oi-nghe-si.html]
[ngothithuyduyen.blogspot.com/2013/03/bai-viet-cua-nobuo-takamori-ve-tac-pham.html]
[ngothithuyduyen.blogspot.com/search/label/ARTICLES.html]
[ngothithuyduyen.blogspot.com/search/label/ARTICLESb75f.html]
[ngothithuyduyen.blogspot.com/search37f3.html]
[ngothithuyduyen.blogspot.com/search0013.html]
[blogger.googleusercontent.com/img/b/R29vZ2xl/AVvXsEgeTupNgefj7nOWg9XHKAohF3y2550dB1i7Rzp7JxV/s1600/Mo__ng mi_. 3.jpg_;filename_=UTF-8''Mo%CC%A3%CC%82ng%20mi%CC%A3.%203.jpg]
[blogger.googleusercontent.com/img/b/R29vZ2xl/AVvXsEgeTupNgefj7nOWg9XHKAohF3y2550dB1i7Rzp7JxV/s640/Mo__ng mi_. 3.jpg_;filename_=UTF-8''Mo%CC%A3%CC%82ng%20mi%CC%A3.%203.jpg]
[blogger.googleusercontent.com/img/b/R29vZ2xl/AVvXsEjeH8FRFe_TxUcVqbk3XSjcgQ5zzOWQ-MygBn_C3Q-/s1600/mo__ng mi_. 2.jpg_;filename_=UTF-8''mo%CC%A3%CC%82ng%20mi%CC%A3.%202.jpg]
[blogger.googleusercontent.com/img/b/R29vZ2xl/AVvXsEjeH8FRFe_TxUcVqbk3XSjcgQ5zzOWQ-MygBn_C3Q-/s640/mo__ng mi_. 2.jpg_;filename_=UTF-8''mo%CC%A3%CC%82ng%20mi%CC%A3.%202.jpg]
[blogger.googleusercontent.com/img/b/R29vZ2xl/AVvXsEittq43cL8xOp4g0-xA8ObiKLMx_DLQWvBIHeWAsRJ/s1600/Mo__ng mi_.1.jpg_;filename_=UTF-8''Mo%CC%A3%CC%82ng%20mi%CC%A3.1.jpg]
[blogger.googleusercontent.com/img/b/R29vZ2xl/AVvXsEittq43cL8xOp4g0-xA8ObiKLMx_DLQWvBIHeWAsRJ/s640/Mo__ng mi_.1.jpg_;filename_=UTF-8''Mo%CC%A3%CC%82ng%20mi%CC%A3.1.jpg]
[ngothithuyduyen.blogspot.com/2012/04/mong-mi.html]
[blogger.googleusercontent.com/img/b/R29vZ2xl/AVvXsEhBzf_P3e83A1iXLJDeLcfswsD3uaY9s-WRIahy7kQ/s1600/food photo 034..jpg]
[blogger.googleusercontent.com/img/b/R29vZ2xl/AVvXsEhBzf_P3e83A1iXLJDeLcfswsD3uaY9s-WRIahy7kQ/s640/food photo 034..jpg]
[blogger.googleusercontent.com/img/b/R29vZ2xl/AVvXsEgJl4Wf9MbfbVRIUeS2qXibK7tJJgsa2-YtCwEemhl/s1600/food photo 035..jpg]
[blogger.googleusercontent.com/img/b/R29vZ2xl/AVvXsEgJl4Wf9MbfbVRIUeS2qXibK7tJJgsa2-YtCwEemhl/s640/food photo 035..jpg]
[blogger.googleusercontent.com/img/b/R29vZ2xl/AVvXsEgM4kGILJQJZ321-78Yg6P23gRDMPJ8ODwAZy9ETP8/s1600/food photo 036..jpg]
[blogger.googleusercontent.com/img/b/R29vZ2xl/AVvXsEgM4kGILJQJZ321-78Yg6P23gRDMPJ8ODwAZy9ETP8/s640/food photo 036..jpg]
[ngothithuyduyen.blogspot.com/2012/03/a-child-series.html]
[blogger.googleusercontent.com/img/b/R29vZ2xl/AVvXsEgklpuUrERs6KZsKJceEi2PmmmM0ZZqdCvmZ8eGgIa/s1600/IMG_7534.JPG]
[blogger.googleusercontent.com/img/b/R29vZ2xl/AVvXsEgklpuUrERs6KZsKJceEi2PmmmM0ZZqdCvmZ8eGgIa/s640/IMG_7534.JPG]
[ngothithuyduyen.blogspot.com/2013/02/a-young-man.html]
[blogger.googleusercontent.com/img/b/R29vZ2xl/AVvXsEh1xqNbtrj6CGpZgWylDr10NNUDeDGAQFd1RFbxdYw/s1600/NTTD.05_ForbiddenFruit-80x60cm..jpg]
[blogger.googleusercontent.com/img/b/R29vZ2xl/AVvXsEh1xqNbtrj6CGpZgWylDr10NNUDeDGAQFd1RFbxdYw/s640/NTTD.05_ForbiddenFruit-80x60cm..jpg]
[blogger.googleusercontent.com/img/b/R29vZ2xl/AVvXsEiaN7o2AhxT_PUEiOvo1Sjvbg_CyBhb5NtwakD4SM3/s1600/NTTD.06_Aspiration-80x60cm..jpg]
[blogger.googleusercontent.com/img/b/R29vZ2xl/AVvXsEiaN7o2AhxT_PUEiOvo1Sjvbg_CyBhb5NtwakD4SM3/s640/NTTD.06_Aspiration-80x60cm..jpg]
[blogger.googleusercontent.com/img/b/R29vZ2xl/AVvXsEjD7p6ErifIQSNYTpQSQytOKKAooqPZL9rk5tIEnCs/s1600/NTTD.07_TenderAge-80x60cm..jpg]
[blogger.googleusercontent.com/img/b/R29vZ2xl/AVvXsEjD7p6ErifIQSNYTpQSQytOKKAooqPZL9rk5tIEnCs/s640/NTTD.07_TenderAge-80x60cm..jpg]
[blogger.googleusercontent.com/img/b/R29vZ2xl/AVvXsEha8WsYcuNDyTOrvm0cu67bIlnM9vlgihQ_XSAXjKT/s1600/NTTD.02_Puberty-90x72cm..jpg]
[blogger.googleusercontent.com/img/b/R29vZ2xl/AVvXsEha8WsYcuNDyTOrvm0cu67bIlnM9vlgihQ_XSAXjKT/s640/NTTD.02_Puberty-90x72cm..jpg]
[ngothithuyduyen.blogspot.com/2007/11/forbidden-fruit-trai-cam-2007-oil-on.html]
[blogger.googleusercontent.com/img/b/R29vZ2xl/AVvXsEjto7LWgaGoCfqvniJKAZ1Fdj2Rv7t3FpdwdSoi61Q/s1600/NTTD.14_MyFather&TheSea-50x50cm..jpg]
[blogger.googleusercontent.com/img/b/R29vZ2xl/AVvXsEjto7LWgaGoCfqvniJKAZ1Fdj2Rv7t3FpdwdSoi61Q/s640/NTTD.14_MyFather&TheSea-50x50cm..jpg]
[ngothithuyduyen.blogspot.com/2007/12/blog-post.html]
[blogger.googleusercontent.com/img/b/R29vZ2xl/AVvXsEjrc2HnMLIpY5F_ZiuE55y7COMg5haHrgA1A0vyS8m/s1600/NTTD.12_Moon-70x40cm.JPG]
[blogger.googleusercontent.com/img/b/R29vZ2xl/AVvXsEjrc2HnMLIpY5F_ZiuE55y7COMg5haHrgA1A0vyS8m/s640/NTTD.12_Moon-70x40cm.JPG]
[blogger.googleusercontent.com/img/b/R29vZ2xl/AVvXsEjMorDG2ikVyFeEwenWrpj9At8fHMfuMaeZtKeKrDS/s1600/NTTD.13_Nightmare-65x54cm.JPG]
[blogger.googleusercontent.com/img/b/R29vZ2xl/AVvXsEjMorDG2ikVyFeEwenWrpj9At8fHMfuMaeZtKeKrDS/s640/NTTD.13_Nightmare-65x54cm.JPG]
[blogger.googleusercontent.com/img/b/R29vZ2xl/AVvXsEgGTUQ_EUb66VpxUkEWjfyocuAR-beYss19RHH_N-F/s1600/NTTD.15_ANewDay-50x50cm.JPG]
[blogger.googleusercontent.com/img/b/R29vZ2xl/AVvXsEgGTUQ_EUb66VpxUkEWjfyocuAR-beYss19RHH_N-F/s640/NTTD.15_ANewDay-50x50cm.JPG]
[ngothithuyduyen.blogspot.com/2007/10/blog-post_29.html]
[blogger.googleusercontent.com/img/b/R29vZ2xl/AVvXsEhXINsB_0wbREXj5e2fFlpbJf6K9WD3KjaGI7j4wFP/s1600/NTTD.08_Street'sEyes-60x80cm..jpg]
[blogger.googleusercontent.com/img/b/R29vZ2xl/AVvXsEhXINsB_0wbREXj5e2fFlpbJf6K9WD3KjaGI7j4wFP/s640/NTTD.08_Street'sEyes-60x80cm..jpg]
[blogger.googleusercontent.com/img/b/R29vZ2xl/AVvXsEh_zDO6V5JwBLQapaU6ugti1NIdNUNlvbcth5jAGNh/s1600/NTTD.11_MoonInADream-70x70cm..jpg]
[blogger.googleusercontent.com/img/b/R29vZ2xl/AVvXsEh_zDO6V5JwBLQapaU6ugti1NIdNUNlvbcth5jAGNh/s640/NTTD.11_MoonInADream-70x70cm..jpg]
[blogger.googleusercontent.com/img/b/R29vZ2xl/AVvXsEhmsN-g6daqdFAfC7-ULYgL25qsA0V3Ua7no0rwQHC/s1600/NTTD.26_Street-oilcanvas-70x70cm.JPG]
[blogger.googleusercontent.com/img/b/R29vZ2xl/AVvXsEhmsN-g6daqdFAfC7-ULYgL25qsA0V3Ua7no0rwQHC/s640/NTTD.26_Street-oilcanvas-70x70cm.JPG]
[ngothithuyduyen.blogspot.com/2007/10/blog-post.html]
[blogger.googleusercontent.com/img/b/R29vZ2xl/AVvXsEi9sXQScw_NhwRQG52rRX3Nq8LQGn5aXU9i6Y3oIuA/s1600/tha__n linh.jpg_;filename_=UTF-8''tha%CC%82%CC%80n%20linh.jpg]
[blogger.googleusercontent.com/img/b/R29vZ2xl/AVvXsEi9sXQScw_NhwRQG52rRX3Nq8LQGn5aXU9i6Y3oIuA/s640/tha__n linh.jpg_;filename_=UTF-8''tha%CC%82%CC%80n%20linh.jpg]
[blogger.googleusercontent.com/img/b/R29vZ2xl/AVvXsEi_Z1NlRMSHcwIwQTOwUvnHZ_qO-XH-5x-JvxMZ-Mt/s640/tra_ng.jpg_;filename_=UTF-8''tra%CC%86ng.jpg]
[blogger.googleusercontent.com/img/b/R29vZ2xl/AVvXsEhs3wW-GSVDX2eC9JeFOsBqXVQ_Xv25NSNV77HYBkw/s1600/Vu_ _ie__u Cham.jpg_;filename_=UTF-8''Vu%CC%83%20%C4%91ie%CC%A3%CC%82u%20Cham.jpg]
[blogger.googleusercontent.com/img/b/R29vZ2xl/AVvXsEhs3wW-GSVDX2eC9JeFOsBqXVQ_Xv25NSNV77HYBkw/s640/Vu_ _ie__u Cham.jpg_;filename_=UTF-8''Vu%CC%83%20%C4%91ie%CC%A3%CC%82u%20Cham.jpg]
[ngothithuyduyen.blogspot.com/2004/11/blog-post.html]
[ngothithuyduyen.blogspot.com/search/label/PAINTING.html]
[ngothithuyduyen.blogspot.com/search/label/PAINTINGe1c7.html]
[blogger.googleusercontent.com/img/b/R29vZ2xl/AVvXsEjWIl5zBb5wyu59-DbWuwziURgc7ZlNVqvsIg6tyQ9hW63VJtejjugBnQRGO6eKsuEKNElkNp3DS6ZERPUHclPF16q0ybPIujLaxwpMf8OPu6wKRdkEzPu4qb_HdFPIny_U-fjUaaK4PJ0F/s1600/H20.JPG]
[blogger.googleusercontent.com/img/b/R29vZ2xl/AVvXsEjWIl5zBb5wyu59-DbWuwziURgc7ZlNVqvsIg6tyQ9hW63VJtejjugBnQRGO6eKsuEKNElkNp3DS6ZERPUHclPF16q0ybPIujLaxwpMf8OPu6wKRdkEzPu4qb_HdFPIny_U-fjUaaK4PJ0F/s640/H20.JPG]
[blogger.googleusercontent.com/img/b/R29vZ2xl/AVvXsEgIjeTycwrBZNV1XPSrPGEoUkU9nLyVi3UELgmC_2K9agm7gxOvDbK06S6AQHQ2SnBeeXiOo7uhUpoNdx3PSY802AYTa4CpB0RQlwYXhVPL0JCa_yZnQWE9rg3twVKwtsj8ev1P3ggeereM/s1600/H22.JPG]
[blogger.googleusercontent.com/img/b/R29vZ2xl/AVvXsEgIjeTycwrBZNV1XPSrPGEoUkU9nLyVi3UELgmC_2K9agm7gxOvDbK06S6AQHQ2SnBeeXiOo7uhUpoNdx3PSY802AYTa4CpB0RQlwYXhVPL0JCa_yZnQWE9rg3twVKwtsj8ev1P3ggeereM/s640/H22.JPG]
[ngothithuyduyen.blogspot.com/2007/07/leo-len-2006-rush-hours-project-at.html]
[blogger.googleusercontent.com/img/b/R29vZ2xl/AVvXsEjuoFkrvSianSpV7OCt6vkXF6leGV-KHroLpufnlDZ/s1600/na_ng tho_,2006.jpg_;filename_=UTF-8''na%CC%80ng%20tho%CC%9B%2C2006.jpg]
[blogger.googleusercontent.com/img/b/R29vZ2xl/AVvXsEjuoFkrvSianSpV7OCt6vkXF6leGV-KHroLpufnlDZ/s640/na_ng tho_,2006.jpg_;filename_=UTF-8''na%CC%80ng%20tho%CC%9B%2C2006.jpg]
[blogger.googleusercontent.com/img/b/R29vZ2xl/AVvXsEgiRMMcVM0U-YIXcpt5oEj4VPYxsCj_EkEZNt1hX04r2Efxl398RkAt7PSiz8QEejrAjR_KhK8uRtv-NRvsdIEq4ACVysFqFGmq4Tih1QDWjTqO4_Gwhmj2IbVJldqtJiNRi6eo-QpSpxNl/s1600/sd5.jpg]
[blogger.googleusercontent.com/img/b/R29vZ2xl/AVvXsEgiRMMcVM0U-YIXcpt5oEj4VPYxsCj_EkEZNt1hX04r2Efxl398RkAt7PSiz8QEejrAjR_KhK8uRtv-NRvsdIEq4ACVysFqFGmq4Tih1QDWjTqO4_Gwhmj2IbVJldqtJiNRi6eo-QpSpxNl/s640/sd5.jpg]
[blogger.googleusercontent.com/img/b/R29vZ2xl/AVvXsEjr1_fNTwnh41G8b-jfSOJUY1HVl8gQE-begUH_3UVEaSWRAovCT8tcSis5D5b8l_5_V81Lhg3lZvmBrrG8jXHX7-f8QRvKp6oH-4CBmPW1AjCZbHqVhp83zHMfCmUe881gpPke4dBSROIR/s1600/sd6.jpg]
[blogger.googleusercontent.com/img/b/R29vZ2xl/AVvXsEjr1_fNTwnh41G8b-jfSOJUY1HVl8gQE-begUH_3UVEaSWRAovCT8tcSis5D5b8l_5_V81Lhg3lZvmBrrG8jXHX7-f8QRvKp6oH-4CBmPW1AjCZbHqVhp83zHMfCmUe881gpPke4dBSROIR/s640/sd6.jpg]
[ngothithuyduyen.blogspot.com/2006/07/nang-tho-installation-work-at-hue.html]
[blogger.googleusercontent.com/img/b/R29vZ2xl/AVvXsEhejgTTyB2aDQCEfy3fOhSF9nJZV3q5pKIdu3LuDBX/s1600/1van2dong 12 24 05 (136).jpg]
[blogger.googleusercontent.com/img/b/R29vZ2xl/AVvXsEhejgTTyB2aDQCEfy3fOhSF9nJZV3q5pKIdu3LuDBX/s640/1van2dong 12 24 05 (136).jpg]
[blogger.googleusercontent.com/img/b/R29vZ2xl/AVvXsEj7nCJBFZz1Vgr0b-0oFq4rM9w37jzPdFb7MqZE0wu/s1600/1van2dong 12 24 05 (137).jpg]
[blogger.googleusercontent.com/img/b/R29vZ2xl/AVvXsEj7nCJBFZz1Vgr0b-0oFq4rM9w37jzPdFb7MqZE0wu/s640/1van2dong 12 24 05 (137).jpg]
[ngothithuyduyen.blogspot.com/2005/12/blog-post.html]
[blogger.googleusercontent.com/img/b/R29vZ2xl/AVvXsEjP9S1IPmlom3t_QP1ZQffwnqaAhpvWz-D7WgWDf8H/s1600/kha_t vo_ng ho_a bi_nh, 2004.JPG_;filename_=UTF-8''kha%CC%81t%20vo%CC%A3ng%20ho%CC%80a%20bi%CC%80nh%2C%202004]
[blogger.googleusercontent.com/img/b/R29vZ2xl/AVvXsEjP9S1IPmlom3t_QP1ZQffwnqaAhpvWz-D7WgWDf8H/s640/kha_t vo_ng ho_a bi_nh, 2004.JPG_;filename_=UTF-8''kha%CC%81t%20vo%CC%A3ng%20ho%CC%80a%20bi%CC%80nh%2C%202004.J]
[ngothithuyduyen.blogspot.com/2004/07/khat-vong-installation-work-at-hue.html]
[blogger.googleusercontent.com/img/b/R29vZ2xl/AVvXsEgIlsxlRBVULOArxGT9lYtr1duEjQSxi9nlttWa7_-/s1600/ngu binh.jpg]
[blogger.googleusercontent.com/img/b/R29vZ2xl/AVvXsEgIlsxlRBVULOArxGT9lYtr1duEjQSxi9nlttWa7_-/s640/ngu binh.jpg]
[blogger.googleusercontent.com/img/b/R29vZ2xl/AVvXsEiqhHXKsm31qQi79UDUv0nGZHwuurk7T-GiNwXopNg/s1600/nu_i ngu__ bi_nh.jpg_;filename_=UTF-8''nu%CC%81i%20ngu%CC%9B%CC%A3%20bi%CC%80nh.jpg]
[blogger.googleusercontent.com/img/b/R29vZ2xl/AVvXsEiqhHXKsm31qQi79UDUv0nGZHwuurk7T-GiNwXopNg/s640/nu_i ngu__ bi_nh.jpg_;filename_=UTF-8''nu%CC%81i%20ngu%CC%9B%CC%A3%20bi%CC%80nh.jpg]
[ngothithuyduyen.blogspot.com/search/label/INSTALLATION.html]
[ngothithuyduyen.blogspot.com/2003/12/blog-post.html]
[blogger.googleusercontent.com/img/b/R29vZ2xl/AVvXsEhmTfLdmI8lP9vvJaBRzQHdIESb2UmhAqOLTRYxr8e/s1600/crossing the line.sm.jpg]
[blogger.googleusercontent.com/img/b/R29vZ2xl/AVvXsEhmTfLdmI8lP9vvJaBRzQHdIESb2UmhAqOLTRYxr8e/s640/crossing the line.sm.jpg]
[ngothithuyduyen.blogspot.com/2012/10/crossing-line-2012-performance-work-at.html]
[blogger.googleusercontent.com/img/b/R29vZ2xl/AVvXsEh8wnuurv3TEtaOiZVfGlFf1vP1xZmw1ZQGYiMJBCR/s1600/Allergy 1-sm.jpg]
[blogger.googleusercontent.com/img/b/R29vZ2xl/AVvXsEh8wnuurv3TEtaOiZVfGlFf1vP1xZmw1ZQGYiMJBCR/s640/Allergy 1-sm.jpg]
[ngothithuyduyen.blogspot.com/2011/12/allergy-2011-at-zero-station-vietnam.html]
[blogger.googleusercontent.com/img/b/R29vZ2xl/AVvXsEhUdj48v2giHAzJZj39Vee7uwhi8t3dbu4uKFBP2Va/s1600/Allergy1.sm.jpg]
[blogger.googleusercontent.com/img/b/R29vZ2xl/AVvXsEhUdj48v2giHAzJZj39Vee7uwhi8t3dbu4uKFBP2Va/s640/Allergy1.sm.jpg]
[ngothithuyduyen.blogspot.com/2009/12/blog-post.html]
[blogger.googleusercontent.com/img/b/R29vZ2xl/AVvXsEjS7IXvHdvOeQ7-Njrb-IgR5TciBsMWfWBtyeitm5l/s1600/No respond.sm.jpg]
[blogger.googleusercontent.com/img/b/R29vZ2xl/AVvXsEjS7IXvHdvOeQ7-Njrb-IgR5TciBsMWfWBtyeitm5l/s640/No respond.sm.jpg]
[ngothithuyduyen.blogspot.com/2007/11/no-respond-2007-in-choengju-korea.html]
[ngothithuyduyen.blogspot.com/search/label/PERFORMANCE.html]
[www.blogger.com/static/v1/widgets/_sharing_css_sass_binary.html]
[ngothithuyduyen.blogspot.com/search/label/PERFORMANCE0bbf.html]
[ngothithuyduyen.blogspot.com/2013/03/truoc-khi-troi-o-mua-before-rain.html]
[ngothithuyduyen.blogspot.com/feeds/6149499366778271104/comments/default]
[ngothithuyduyen.blogspot.com/feeds/502610819061929081/comments/default]
[ngothithuyduyen.blogspot.com/2012/12/truoc-khi-troi-o-mua-before-rain.html]
[ngothithuyduyen.blogspot.com/search/label/DRAWING59fb.html]
[draft.blogger.com/dyn-css/authorizationa416.css]
[ngothithuyduyen.blogspot.com/search/label/BIOGRAPHYaf88.html]
[ngothithuyduyen.blogspot.com/2012/11/blog-post.html]
[ngothithuyduyen.blogspot.com/2012/10/sewing-days-at-howl-space.html]
[ngothithuyduyen.blogspot.com/search/label/WRITINGf792.html]
[ngothithuyduyen.blogspot.com/feeds/1463866961414336295/comments/default]
[ngothithuyduyen.blogspot.com/2013/03/bai-viet-cua-nobuo-takamori-ve-tac-pham.html]
[ngothithuyduyen.blogspot.com/feeds/2709802215910482595/comments/default]
[ngothithuyduyen.blogspot.com/2011/11/the-universality-of-pain-and-broken.html]
[duyenhoian.wordpress.com/wp-content/uploads/2011/12/kieu-22.jpg]
[duyenhoian.wordpress.com/wp-content/uploads/2011/12/img_66091.jpg]
[duyenhoian.wordpress.com/wp-content/uploads/2011/12/kieu-31.jpg]
[duyenhoian.wordpress.com/wp-content/uploads/2011/12/img_6707.jpg]
[ngothithuyduyen.blogspot.com/search/label/ARTICLES3573.html]
[ngothithuyduyen.blogspot.com/search/label/ARTICLESb75f.html]
[ngothithuyduyen.blogspot.com/search/label/ARTICLESb9e4.html]
[blogger.googleusercontent.com/img/b/R29vZ2xl/AVvXsEjtL0o-Ktf-H-7VBzivIgCEBXINRAh-1WgdVjl0N80/s1600/IMAG5519.jpg]
[blogger.googleusercontent.com/img/b/R29vZ2xl/AVvXsEjtL0o-Ktf-H-7VBzivIgCEBXINRAh-1WgdVjl0N80/s640/IMAG5519.jpg]
[ngothithuyduyen.blogspot.com/search0013.html]
[ngothithuyduyen.blogspot.com/search38e7.html]
[ngothithuyduyen.blogspot.com/2012/04/mong-mi.html]
[ngothithuyduyen.blogspot.com/feeds/5791205559185002311/comments/default]
[ngothithuyduyen.blogspot.com/2012/03/a-child-series.html]
[ngothithuyduyen.blogspot.com/feeds/4523458823398324882/comments/default]
[ngothithuyduyen.blogspot.com/2013/02/a-young-man.html]
[ngothithuyduyen.blogspot.com/feeds/6774990309470115270/comments/default]
[ngothithuyduyen.blogspot.com/2007/11/forbidden-fruit-trai-cam-2007-oil-on.html]
[ngothithuyduyen.blogspot.com/feeds/3749187544957825668/comments/default]
[ngothithuyduyen.blogspot.com/2007/12/blog-post.html]
[ngothithuyduyen.blogspot.com/feeds/5486694084485627851/comments/default]
[ngothithuyduyen.blogspot.com/2007/10/blog-post_29.html]
[ngothithuyduyen.blogspot.com/feeds/1480565745021819635/comments/default]
[ngothithuyduyen.blogspot.com/feeds/2062165137673376209/comments/default]
[ngothithuyduyen.blogspot.com/2007/10/blog-post.html]
[ngothithuyduyen.blogspot.com/2004/11/blog-post.html]
[ngothithuyduyen.blogspot.com/search/label/PAINTINGe1c7.html]
[ngothithuyduyen.blogspot.com/feeds/4608621081360323618/comments/default]
[ngothithuyduyen.blogspot.com/feeds/8402047326164626497/comments/default]
[ngothithuyduyen.blogspot.com/2007/07/leo-len-2006-rush-hours-project-at.html]
[ngothithuyduyen.blogspot.com/feeds/8007703083426266044/comments/default]
[ngothithuyduyen.blogspot.com/2006/07/nang-tho-installation-work-at-hue.html]
[ngothithuyduyen.blogspot.com/2005/12/blog-post.html]
[ngothithuyduyen.blogspot.com/feeds/802798281233849370/comments/default]
[ngothithuyduyen.blogspot.com/2004/07/khat-vong-installation-work-at-hue.html]
[ngothithuyduyen.blogspot.com/feeds/240087144230212006/comments/default]
[ngothithuyduyen.blogspot.com/2003/12/blog-post.html]
[ngothithuyduyen.blogspot.com/feeds/5632589130299495775/comments/default]
[ngothithuyduyen.blogspot.com/2012/10/crossing-line-2012-performance-work-at.html]
[ngothithuyduyen.blogspot.com/feeds/4065726314584305525/comments/default]
[ngothithuyduyen.blogspot.com/2011/12/allergy-2011-at-zero-station-vietnam.html]
[ngothithuyduyen.blogspot.com/feeds/9108813673238362963/comments/default]
[ngothithuyduyen.blogspot.com/2009/12/blog-post.html]
[ngothithuyduyen.blogspot.com/feeds/7173258537250533781/comments/default]
[ngothithuyduyen.blogspot.com/2007/11/no-respond-2007-in-choengju-korea.html]
[ngothithuyduyen.blogspot.com/search/label/PERFORMANCE0bbf.html]
[ngothithuyduyen.blogspot.com/feeds/4131684905041812170/comments/default]
[ngothithuyduyen.blogspot.com/2012/11/blog-post.html]
[ngothithuyduyen.blogspot.com/feeds/5704243072725056944/comments/default]
[ngothithuyduyen.blogspot.com/feeds/8341144806415663092/comments/default]
[duyenhoian.wordpress.com/wp-content/uploads/2011/12/kieu-22c6eb.jpg]
[ngothithuyduyen.blogspot.com/2011/11/the-universality-of-pain-and-broken.html]
[ngothithuyduyen.blogspot.com/search/label/ARTICLES3573.html]
[ngothithuyduyen.blogspot.com/search/label/ARTICLESb9e4.html]
[ngothithuyduyen.blogspot.com/search38e7.html]
[sphotos-e.ak.fbcdn.net/hphotos-ak-snc6/185324_10151206111047264_555548420_n.jpg]
[ngothithuyduyen.blogspot.com/search096d.html]
[ngothithuyduyen.blogspot.com/search096d.html]
[blogger.googleusercontent.com/img/b/R29vZ2xl/AVvXsEi_Z1NlRMSHcwIwQTOwUvnHZ_qO-XH-5x-JvxMZ-Mt/s1600/trăng.html]
[sphotos-f.ak.fbcdn.net/hphotos-ak-ash4/s720x720/481396_10151316975437264_352480873_n.jpg]
[ngothithuyduyen.blogspot.com/searche7d0.html]
[ngothithuyduyen.blogspot.com/searche7d0.html]
